// Jest Snapshot v1, https://goo.gl/fbAQLP

exports[`should render MovieList with 3 movie cards 1`] = `
<div
  className="catalog__movies-list"
>
  <article
    className="small-movie-card catalog__movies-card"
    onMouseEnter={[Function]}
  >
    <div
      className="small-movie-card__image"
    >
      <img
        alt="Теория большого взрыва: Откровение ринита"
        height="175"
        src="path"
        width="280"
      />
    </div>
    <h3
      className="small-movie-card__title"
      onClick={[MockFunction]}
    >
      <a
        className="small-movie-card__link"
        href="movie-page.html"
      >
        Теория большого взрыва: Откровение ринита
      </a>
    </h3>
  </article>
  <article
    className="small-movie-card catalog__movies-card"
    onMouseEnter={[Function]}
  >
    <div
      className="small-movie-card__image"
    >
      <img
        alt="Звездный путь"
        height="175"
        src="path"
        width="280"
      />
    </div>
    <h3
      className="small-movie-card__title"
      onClick={[MockFunction]}
    >
      <a
        className="small-movie-card__link"
        href="movie-page.html"
      >
        Звездный путь
      </a>
    </h3>
  </article>
  <article
    className="small-movie-card catalog__movies-card"
    onMouseEnter={[Function]}
  >
    <div
      className="small-movie-card__image"
    >
      <img
        alt="Рик и Морти: Риконечная Мортистория"
        height="175"
        src="path"
        width="280"
      />
    </div>
    <h3
      className="small-movie-card__title"
      onClick={[MockFunction]}
    >
      <a
        className="small-movie-card__link"
        href="movie-page.html"
      >
        Рик и Морти: Риконечная Мортистория
      </a>
    </h3>
  </article>
</div>
`;
