// Jest Snapshot v1, https://goo.gl/fbAQLP

exports[`should render MovieCard with Big Bang Theory movie 1`] = `
<article
  className="small-movie-card catalog__movies-card"
  onMouseEnter={[Function]}
>
  <div
    className="small-movie-card__image"
  >
    <img
      alt="Теория большого взрыва: Откровение ринита"
      height="175"
      src="path"
      width="280"
    />
  </div>
  <h3
    className="small-movie-card__title"
    onClick={[MockFunction]}
  >
    <a
      className="small-movie-card__link"
      href="movie-page.html"
    >
      Теория большого взрыва: Откровение ринита
    </a>
  </h3>
</article>
`;
